// Jest Snapshot v1, https://goo.gl/fbAQLP

exports[`render and match snapshot 1`] = `
<DocumentFragment>
  <footer
    class="sc-bczRLJ bLquij"
  >
    Challenge by 
    <a
      href="https://www.frontendmentor.io/?ref=challenge"
      rel="noreferrer"
      target="_blank"
    >
      Frontend Mentor
    </a>
    Coded by 
    <a
      href="https://www.abizmo.dev"
    >
      Abi√°n Izquierdo
    </a>
    .
  </footer>
</DocumentFragment>
`;
